// Vitest Snapshot v1, https://vitest.dev/guide/snapshot.html

exports[`RepeatableParamEvaluator > call evaluator recursively > recursive called with correct params 1`] = `
[
  [
    {},
    {
      "name": "value",
      "type": "StringableParam",
      "value": "value-11",
    },
  ],
  [
    {},
    {
      "name": "remove_properties",
      "row": [
        {
          "name": "property",
          "type": "StringableParam",
          "value": "id",
        },
      ],
      "type": "RepeatableParam",
      "value": [
        {
          "property": "property-11",
        },
      ],
    },
  ],
  [
    {},
    {
      "name": "property",
      "type": "StringableParam",
      "value": "property-11",
    },
  ],
  [
    {},
    {
      "name": "value",
      "type": "StringableParam",
      "value": "value-22",
    },
  ],
  [
    {},
    {
      "name": "remove_properties",
      "row": [
        {
          "name": "property",
          "type": "StringableParam",
          "value": "id",
        },
      ],
      "type": "RepeatableParam",
      "value": [
        {
          "property": "property-22",
        },
      ],
    },
  ],
  [
    {},
    {
      "name": "property",
      "type": "StringableParam",
      "value": "property-22",
    },
  ],
]
`;
